TAP version 13
1..2
ok 1 - src/components/tags/SelectedTagsButton.test.tsx # time=354.91ms {
    1..1
    ok 1 - SelectedTagsButton # time=353.00ms {
        1..6
        ok 1 - offers a Rename item when exactly one tag is selected # time=209.85ms
        ok 2 - offers no Rename item when zero tags are selected # time=3.31ms
        ok 3 - offers no Rename item when more than one tag is selected # time=52.49ms
        ok 4 - calls onRename with the single selected id when Rename is chosen # time=78.33ms
        ok 5 - calls onRename via the 'r' shortcut when exactly one tag is selected # time=6.24ms
        ok 6 - does not call onRename via the 'r' shortcut when zero tags are selected # time=2.23ms
    }
}
ok 2 - src/components/tags/TagRow.test.tsx # time=339.44ms {
    1..1
    ok 1 - TagRow # time=337.34ms {
        1..3
        ok 1 - context menu # time=127.33ms {
            1..4
            ok 1 - offers Rename when right-clicking an unselected row # time=82.28ms
            ok 2 - offers Rename when the row is the sole selected row # time=18.90ms
            ok 3 - does not offer Rename when the row is part of a multi-selection # time=15.39ms
            ok 4 - calls onEdit with the name field when Rename is clicked # time=10.37ms
        }
        ok 2 - inline rename editor # time=196.19ms {
            1..3
            ok 1 - renders an editable tag-name input when focusedField is "name" # time=21.99ms
            ok 2 - submits the rename exactly once and closes editing on Enter, without letting the keystroke bubble further # time=137.87ms
            ok 3 - does not submit when the name is unchanged # time=36.22ms
        }
        ok 3 - still allows opening the color picker (existing behavior unaffected) # time=13.59ms
    }
}
